2026-08-06 04:56:32 | ERROR    | reagent_manager | [IDGenerator] 生成条码时发生错误: No module named 'pydantic'
异常堆栈:
Traceback (most recent call last):
  File "/workspace/utils/id_generator.py", line 100, in generate_barcode
    from services.core.reagent_bottle_service import reagent_bottle_service
  File "/workspace/services/__init__.py", line 24, in <module>
    from services.core.reagent_bottle_service import ReagentBottleService, reagent_bottle_service
  File "/workspace/services/core/__init__.py", line 1, in <module>
    from services.core.reagent_bottle_service import ReagentBottleService, reagent_bottle_service
  File "/workspace/services/core/reagent_bottle_service.py", line 8, in <module>
    from models.core.reagent_bottle import ReagentBottle
  File "/workspace/models/core/reagent_bottle.py", line 5, in <module>
    from pydantic import BaseModel
ModuleNotFoundError: No module named 'pydantic'

2026-08-06 04:56:32 | ERROR    | reagent_manager | [IDGenerator] 生成领用记录编号时发生错误: No module named 'pydantic'
异常堆栈:
Traceback (most recent call last):
  File "/workspace/utils/id_generator.py", line 123, in generate_borrow_record_number
    from services.core.borrow_record_service import borrow_record_service
  File "/workspace/services/__init__.py", line 24, in <module>
    from services.core.reagent_bottle_service import ReagentBottleService, reagent_bottle_service
  File "/workspace/services/core/__init__.py", line 1, in <module>
    from services.core.reagent_bottle_service import ReagentBottleService, reagent_bottle_service
  File "/workspace/services/core/reagent_bottle_service.py", line 8, in <module>
    from models.core.reagent_bottle import ReagentBottle
  File "/workspace/models/core/reagent_bottle.py", line 5, in <module>
    from pydantic import BaseModel
ModuleNotFoundError: No module named 'pydantic'

2026-08-06 04:56:32 | ERROR    | reagent_manager | [IDGenerator] 生成试剂瓶编号时发生错误: No module named 'pydantic'
异常堆栈:
Traceback (most recent call last):
  File "/workspace/utils/id_generator.py", line 77, in generate_bottle_number
    from services.core.reagent_bottle_service import reagent_bottle_service
  File "/workspace/services/__init__.py", line 24, in <module>
    from services.core.reagent_bottle_service import ReagentBottleService, reagent_bottle_service
  File "/workspace/services/core/__init__.py", line 1, in <module>
    from services.core.reagent_bottle_service import ReagentBottleService, reagent_bottle_service
  File "/workspace/services/core/reagent_bottle_service.py", line 8, in <module>
    from models.core.reagent_bottle import ReagentBottle
  File "/workspace/models/core/reagent_bottle.py", line 5, in <module>
    from pydantic import BaseModel
ModuleNotFoundError: No module named 'pydantic'

2026-08-06 04:56:32 | ERROR    | reagent_manager | [IDGenerator] 生成归还记录编号时发生错误: No module named 'pydantic'
异常堆栈:
Traceback (most recent call last):
  File "/workspace/utils/id_generator.py", line 146, in generate_return_record_number
    from services.core.return_record_service import return_record_service
  File "/workspace/services/__init__.py", line 24, in <module>
    from services.core.reagent_bottle_service import ReagentBottleService, reagent_bottle_service
  File "/workspace/services/core/__init__.py", line 1, in <module>
    from services.core.reagent_bottle_service import ReagentBottleService, reagent_bottle_service
  File "/workspace/services/core/reagent_bottle_service.py", line 8, in <module>
    from models.core.reagent_bottle import ReagentBottle
  File "/workspace/models/core/reagent_bottle.py", line 5, in <module>
    from pydantic import BaseModel
ModuleNotFoundError: No module named 'pydantic'

2026-08-06 05:11:32 | ERROR    | reagent_manager | 查询执行失败: no such table: reagent_bottle
SQL: SELECT MAX(barcode) as max_val FROM reagent_bottle WHERE barcode LIKE ?
参数: 1 params (types: ['str'])
异常堆栈:
Traceback (most recent call last):
  File "/workspace/db/database.py", line 698, in execute_query
    cursor.execute(query, params)
    ~~~~~~~~~~~~~~^^^^^^^^^^^^^^^
sqlite3.OperationalError: no such table: reagent_bottle

2026-08-06 05:11:32 | ERROR    | reagent_manager | 获取最大值失败 [reagent_bottle.barcode]: no such table: reagent_bottle
异常堆栈:
Traceback (most recent call last):
  File "/workspace/db/base_service.py", line 471, in get_max_value_by_prefix
    result = self.db.execute_query(query, (f"{prefix}%",))
  File "/workspace/db/database.py", line 698, in execute_query
    cursor.execute(query, params)
    ~~~~~~~~~~~~~~^^^^^^^^^^^^^^^
sqlite3.OperationalError: no such table: reagent_bottle

2026-08-06 05:11:32 | ERROR    | reagent_manager | [IDGenerator] 生成条码时发生错误: no such table: reagent_bottle
异常堆栈:
Traceback (most recent call last):
  File "/workspace/utils/id_generator.py", line 101, in generate_barcode
    max_val = reagent_bottle_service.get_max_value_by_prefix("barcode", today)
  File "/workspace/db/base_service.py", line 471, in get_max_value_by_prefix
    result = self.db.execute_query(query, (f"{prefix}%",))
  File "/workspace/db/database.py", line 698, in execute_query
    cursor.execute(query, params)
    ~~~~~~~~~~~~~~^^^^^^^^^^^^^^^
sqlite3.OperationalError: no such table: reagent_bottle

2026-08-06 05:11:32 | ERROR    | reagent_manager | 查询执行失败: no such table: borrow_record
SQL: SELECT MAX(record_number) as max_val FROM borrow_record WHERE record_number LIKE ?
参数: 1 params (types: ['str'])
异常堆栈:
Traceback (most recent call last):
  File "/workspace/db/database.py", line 698, in execute_query
    cursor.execute(query, params)
    ~~~~~~~~~~~~~~^^^^^^^^^^^^^^^
sqlite3.OperationalError: no such table: borrow_record

2026-08-06 05:11:32 | ERROR    | reagent_manager | 获取最大值失败 [borrow_record.record_number]: no such table: borrow_record
异常堆栈:
Traceback (most recent call last):
  File "/workspace/db/base_service.py", line 471, in get_max_value_by_prefix
    result = self.db.execute_query(query, (f"{prefix}%",))
  File "/workspace/db/database.py", line 698, in execute_query
    cursor.execute(query, params)
    ~~~~~~~~~~~~~~^^^^^^^^^^^^^^^
sqlite3.OperationalError: no such table: borrow_record

2026-08-06 05:11:32 | ERROR    | reagent_manager | [IDGenerator] 生成领用记录编号时发生错误: no such table: borrow_record
异常堆栈:
Traceback (most recent call last):
  File "/workspace/utils/id_generator.py", line 124, in generate_borrow_record_number
    max_val = borrow_record_service.get_max_value_by_prefix("record_number", today)
  File "/workspace/db/base_service.py", line 471, in get_max_value_by_prefix
    result = self.db.execute_query(query, (f"{prefix}%",))
  File "/workspace/db/database.py", line 698, in execute_query
    cursor.execute(query, params)
    ~~~~~~~~~~~~~~^^^^^^^^^^^^^^^
sqlite3.OperationalError: no such table: borrow_record

2026-08-06 05:11:32 | ERROR    | reagent_manager | 查询执行失败: no such table: reagent_bottle
SQL: SELECT MAX(bottle_number) as max_val FROM reagent_bottle WHERE bottle_number LIKE ?
参数: 1 params (types: ['str'])
异常堆栈:
Traceback (most recent call last):
  File "/workspace/db/database.py", line 698, in execute_query
    cursor.execute(query, params)
    ~~~~~~~~~~~~~~^^^^^^^^^^^^^^^
sqlite3.OperationalError: no such table: reagent_bottle

2026-08-06 05:11:32 | ERROR    | reagent_manager | 获取最大值失败 [reagent_bottle.bottle_number]: no such table: reagent_bottle
异常堆栈:
Traceback (most recent call last):
  File "/workspace/db/base_service.py", line 471, in get_max_value_by_prefix
    result = self.db.execute_query(query, (f"{prefix}%",))
  File "/workspace/db/database.py", line 698, in execute_query
    cursor.execute(query, params)
    ~~~~~~~~~~~~~~^^^^^^^^^^^^^^^
sqlite3.OperationalError: no such table: reagent_bottle

2026-08-06 05:11:32 | ERROR    | reagent_manager | [IDGenerator] 生成试剂瓶编号时发生错误: no such table: reagent_bottle
异常堆栈:
Traceback (most recent call last):
  File "/workspace/utils/id_generator.py", line 78, in generate_bottle_number
    max_val = reagent_bottle_service.get_max_value_by_prefix("bottle_number", today)
  File "/workspace/db/base_service.py", line 471, in get_max_value_by_prefix
    result = self.db.execute_query(query, (f"{prefix}%",))
  File "/workspace/db/database.py", line 698, in execute_query
    cursor.execute(query, params)
    ~~~~~~~~~~~~~~^^^^^^^^^^^^^^^
sqlite3.OperationalError: no such table: reagent_bottle

2026-08-06 05:11:32 | ERROR    | reagent_manager | 查询执行失败: no such table: return_record
SQL: SELECT MAX(return_number) as max_val FROM return_record WHERE return_number LIKE ?
参数: 1 params (types: ['str'])
异常堆栈:
Traceback (most recent call last):
  File "/workspace/db/database.py", line 698, in execute_query
    cursor.execute(query, params)
    ~~~~~~~~~~~~~~^^^^^^^^^^^^^^^
sqlite3.OperationalError: no such table: return_record

2026-08-06 05:11:32 | ERROR    | reagent_manager | 获取最大值失败 [return_record.return_number]: no such table: return_record
异常堆栈:
Traceback (most recent call last):
  File "/workspace/db/base_service.py", line 471, in get_max_value_by_prefix
    result = self.db.execute_query(query, (f"{prefix}%",))
  File "/workspace/db/database.py", line 698, in execute_query
    cursor.execute(query, params)
    ~~~~~~~~~~~~~~^^^^^^^^^^^^^^^
sqlite3.OperationalError: no such table: return_record

2026-08-06 05:11:32 | ERROR    | reagent_manager | [IDGenerator] 生成归还记录编号时发生错误: no such table: return_record
异常堆栈:
Traceback (most recent call last):
  File "/workspace/utils/id_generator.py", line 147, in generate_return_record_number
    max_val = return_record_service.get_max_value_by_prefix("return_number", today)
  File "/workspace/db/base_service.py", line 471, in get_max_value_by_prefix
    result = self.db.execute_query(query, (f"{prefix}%",))
  File "/workspace/db/database.py", line 698, in execute_query
    cursor.execute(query, params)
    ~~~~~~~~~~~~~~^^^^^^^^^^^^^^^
sqlite3.OperationalError: no such table: return_record

2026-08-06 05:13:57 | ERROR    | reagent_manager | 查询执行失败: no such table: reagent_bottle
SQL: SELECT MAX(barcode) as max_val FROM reagent_bottle WHERE barcode LIKE ?
参数: 1 params (types: ['str'])
异常堆栈:
Traceback (most recent call last):
  File "/workspace/db/database.py", line 698, in execute_query
    cursor.execute(query, params)
    ~~~~~~~~~~~~~~^^^^^^^^^^^^^^^
sqlite3.OperationalError: no such table: reagent_bottle

2026-08-06 05:13:57 | ERROR    | reagent_manager | 获取最大值失败 [reagent_bottle.barcode]: no such table: reagent_bottle
异常堆栈:
Traceback (most recent call last):
  File "/workspace/db/base_service.py", line 471, in get_max_value_by_prefix
    result = self.db.execute_query(query, (f"{prefix}%",))
  File "/workspace/db/database.py", line 698, in execute_query
    cursor.execute(query, params)
    ~~~~~~~~~~~~~~^^^^^^^^^^^^^^^
sqlite3.OperationalError: no such table: reagent_bottle

2026-08-06 05:13:57 | ERROR    | reagent_manager | [IDGenerator] 生成条码时发生错误: no such table: reagent_bottle
异常堆栈:
Traceback (most recent call last):
  File "/workspace/utils/id_generator.py", line 101, in generate_barcode
    max_val = reagent_bottle_service.get_max_value_by_prefix("barcode", today)
  File "/workspace/db/base_service.py", line 471, in get_max_value_by_prefix
    result = self.db.execute_query(query, (f"{prefix}%",))
  File "/workspace/db/database.py", line 698, in execute_query
    cursor.execute(query, params)
    ~~~~~~~~~~~~~~^^^^^^^^^^^^^^^
sqlite3.OperationalError: no such table: reagent_bottle

2026-08-06 05:13:57 | ERROR    | reagent_manager | 查询执行失败: no such table: borrow_record
SQL: SELECT MAX(record_number) as max_val FROM borrow_record WHERE record_number LIKE ?
参数: 1 params (types: ['str'])
异常堆栈:
Traceback (most recent call last):
  File "/workspace/db/database.py", line 698, in execute_query
    cursor.execute(query, params)
    ~~~~~~~~~~~~~~^^^^^^^^^^^^^^^
sqlite3.OperationalError: no such table: borrow_record

2026-08-06 05:13:57 | ERROR    | reagent_manager | 获取最大值失败 [borrow_record.record_number]: no such table: borrow_record
异常堆栈:
Traceback (most recent call last):
  File "/workspace/db/base_service.py", line 471, in get_max_value_by_prefix
    result = self.db.execute_query(query, (f"{prefix}%",))
  File "/workspace/db/database.py", line 698, in execute_query
    cursor.execute(query, params)
    ~~~~~~~~~~~~~~^^^^^^^^^^^^^^^
sqlite3.OperationalError: no such table: borrow_record

2026-08-06 05:13:57 | ERROR    | reagent_manager | [IDGenerator] 生成领用记录编号时发生错误: no such table: borrow_record
异常堆栈:
Traceback (most recent call last):
  File "/workspace/utils/id_generator.py", line 124, in generate_borrow_record_number
    max_val = borrow_record_service.get_max_value_by_prefix("record_number", today)
  File "/workspace/db/base_service.py", line 471, in get_max_value_by_prefix
    result = self.db.execute_query(query, (f"{prefix}%",))
  File "/workspace/db/database.py", line 698, in execute_query
    cursor.execute(query, params)
    ~~~~~~~~~~~~~~^^^^^^^^^^^^^^^
sqlite3.OperationalError: no such table: borrow_record

2026-08-06 05:13:57 | ERROR    | reagent_manager | 查询执行失败: no such table: reagent_bottle
SQL: SELECT MAX(bottle_number) as max_val FROM reagent_bottle WHERE bottle_number LIKE ?
参数: 1 params (types: ['str'])
异常堆栈:
Traceback (most recent call last):
  File "/workspace/db/database.py", line 698, in execute_query
    cursor.execute(query, params)
    ~~~~~~~~~~~~~~^^^^^^^^^^^^^^^
sqlite3.OperationalError: no such table: reagent_bottle

2026-08-06 05:13:57 | ERROR    | reagent_manager | 获取最大值失败 [reagent_bottle.bottle_number]: no such table: reagent_bottle
异常堆栈:
Traceback (most recent call last):
  File "/workspace/db/base_service.py", line 471, in get_max_value_by_prefix
    result = self.db.execute_query(query, (f"{prefix}%",))
  File "/workspace/db/database.py", line 698, in execute_query
    cursor.execute(query, params)
    ~~~~~~~~~~~~~~^^^^^^^^^^^^^^^
sqlite3.OperationalError: no such table: reagent_bottle

2026-08-06 05:13:57 | ERROR    | reagent_manager | [IDGenerator] 生成试剂瓶编号时发生错误: no such table: reagent_bottle
异常堆栈:
Traceback (most recent call last):
  File "/workspace/utils/id_generator.py", line 78, in generate_bottle_number
    max_val = reagent_bottle_service.get_max_value_by_prefix("bottle_number", today)
  File "/workspace/db/base_service.py", line 471, in get_max_value_by_prefix
    result = self.db.execute_query(query, (f"{prefix}%",))
  File "/workspace/db/database.py", line 698, in execute_query
    cursor.execute(query, params)
    ~~~~~~~~~~~~~~^^^^^^^^^^^^^^^
sqlite3.OperationalError: no such table: reagent_bottle

2026-08-06 05:13:57 | ERROR    | reagent_manager | 查询执行失败: no such table: return_record
SQL: SELECT MAX(return_number) as max_val FROM return_record WHERE return_number LIKE ?
参数: 1 params (types: ['str'])
异常堆栈:
Traceback (most recent call last):
  File "/workspace/db/database.py", line 698, in execute_query
    cursor.execute(query, params)
    ~~~~~~~~~~~~~~^^^^^^^^^^^^^^^
sqlite3.OperationalError: no such table: return_record

2026-08-06 05:13:57 | ERROR    | reagent_manager | 获取最大值失败 [return_record.return_number]: no such table: return_record
异常堆栈:
Traceback (most recent call last):
  File "/workspace/db/base_service.py", line 471, in get_max_value_by_prefix
    result = self.db.execute_query(query, (f"{prefix}%",))
  File "/workspace/db/database.py", line 698, in execute_query
    cursor.execute(query, params)
    ~~~~~~~~~~~~~~^^^^^^^^^^^^^^^
sqlite3.OperationalError: no such table: return_record

2026-08-06 05:13:57 | ERROR    | reagent_manager | [IDGenerator] 生成归还记录编号时发生错误: no such table: return_record
异常堆栈:
Traceback (most recent call last):
  File "/workspace/utils/id_generator.py", line 147, in generate_return_record_number
    max_val = return_record_service.get_max_value_by_prefix("return_number", today)
  File "/workspace/db/base_service.py", line 471, in get_max_value_by_prefix
    result = self.db.execute_query(query, (f"{prefix}%",))
  File "/workspace/db/database.py", line 698, in execute_query
    cursor.execute(query, params)
    ~~~~~~~~~~~~~~^^^^^^^^^^^^^^^
sqlite3.OperationalError: no such table: return_record

2026-08-06 05:14:00 | ERROR    | reagent_manager | 查询执行失败: no such table: controlled_list
SQL: SELECT * FROM controlled_list WHERE cas_number = ? LIMIT 1
参数: 1 params (types: ['str'])
异常堆栈:
Traceback (most recent call last):
  File "/workspace/db/database.py", line 698, in execute_query
    cursor.execute(query, params)
    ~~~~~~~~~~~~~~^^^^^^^^^^^^^^^
sqlite3.OperationalError: no such table: controlled_list

2026-08-06 05:14:00 | ERROR    | reagent_manager | 根据字段获取记录失败 [controlled_list]: no such table: controlled_list
异常堆栈:
Traceback (most recent call last):
  File "/workspace/db/base_service.py", line 103, in get_by_field
    results = self.db.execute_query(query, (value,))
  File "/workspace/db/database.py", line 698, in execute_query
    cursor.execute(query, params)
    ~~~~~~~~~~~~~~^^^^^^^^^^^^^^^
sqlite3.OperationalError: no such table: controlled_list

2026-08-06 05:14:00 | ERROR    | reagent_manager | 检查管控状态时发生错误 | cas=7647-14-5
异常堆栈:
Traceback (most recent call last):
  File "/workspace/business/inventory_service.py", line 178, in verify_controlled_status
    controlled = self.controlled_list_service.get_by_cas_number(cas)
  File "/workspace/services/base/controlled_list_service.py", line 46, in get_by_cas_number
    record = super().get_by_field('cas_number', cas_number)
  File "/workspace/db/base_service.py", line 103, in get_by_field
    results = self.db.execute_query(query, (value,))
  File "/workspace/db/database.py", line 698, in execute_query
    cursor.execute(query, params)
    ~~~~~~~~~~~~~~^^^^^^^^^^^^^^^
sqlite3.OperationalError: no such table: controlled_list

2026-08-06 05:14:00 | WARNING  | reagent_manager | 入库校验失败: 试剂名称为空
2026-08-06 05:14:00 | WARNING  | reagent_manager | 入库校验失败: 剩余量超过规格 | remaining_quantity=600 specification=500
2026-08-06 05:17:01 | ERROR    | reagent_manager | 查询执行失败: no such table: reagent_bottle
SQL: SELECT MAX(barcode) as max_val FROM reagent_bottle WHERE barcode LIKE ?
参数: 1 params (types: ['str'])
异常堆栈:
Traceback (most recent call last):
  File "/workspace/db/database.py", line 698, in execute_query
    cursor.execute(query, params)
    ~~~~~~~~~~~~~~^^^^^^^^^^^^^^^
sqlite3.OperationalError: no such table: reagent_bottle

2026-08-06 05:17:01 | ERROR    | reagent_manager | 获取最大值失败 [reagent_bottle.barcode]: no such table: reagent_bottle
异常堆栈:
Traceback (most recent call last):
  File "/workspace/db/base_service.py", line 471, in get_max_value_by_prefix
    result = self.db.execute_query(query, (f"{prefix}%",))
  File "/workspace/db/database.py", line 698, in execute_query
    cursor.execute(query, params)
    ~~~~~~~~~~~~~~^^^^^^^^^^^^^^^
sqlite3.OperationalError: no such table: reagent_bottle

2026-08-06 05:17:01 | ERROR    | reagent_manager | [IDGenerator] 生成条码时发生错误: no such table: reagent_bottle
异常堆栈:
Traceback (most recent call last):
  File "/workspace/utils/id_generator.py", line 101, in generate_barcode
    max_val = reagent_bottle_service.get_max_value_by_prefix("barcode", today)
  File "/workspace/db/base_service.py", line 471, in get_max_value_by_prefix
    result = self.db.execute_query(query, (f"{prefix}%",))
  File "/workspace/db/database.py", line 698, in execute_query
    cursor.execute(query, params)
    ~~~~~~~~~~~~~~^^^^^^^^^^^^^^^
sqlite3.OperationalError: no such table: reagent_bottle

2026-08-06 05:17:01 | ERROR    | reagent_manager | 查询执行失败: no such table: borrow_record
SQL: SELECT MAX(record_number) as max_val FROM borrow_record WHERE record_number LIKE ?
参数: 1 params (types: ['str'])
异常堆栈:
Traceback (most recent call last):
  File "/workspace/db/database.py", line 698, in execute_query
    cursor.execute(query, params)
    ~~~~~~~~~~~~~~^^^^^^^^^^^^^^^
sqlite3.OperationalError: no such table: borrow_record

2026-08-06 05:17:01 | ERROR    | reagent_manager | 获取最大值失败 [borrow_record.record_number]: no such table: borrow_record
异常堆栈:
Traceback (most recent call last):
  File "/workspace/db/base_service.py", line 471, in get_max_value_by_prefix
    result = self.db.execute_query(query, (f"{prefix}%",))
  File "/workspace/db/database.py", line 698, in execute_query
    cursor.execute(query, params)
    ~~~~~~~~~~~~~~^^^^^^^^^^^^^^^
sqlite3.OperationalError: no such table: borrow_record

2026-08-06 05:17:01 | ERROR    | reagent_manager | [IDGenerator] 生成领用记录编号时发生错误: no such table: borrow_record
异常堆栈:
Traceback (most recent call last):
  File "/workspace/utils/id_generator.py", line 124, in generate_borrow_record_number
    max_val = borrow_record_service.get_max_value_by_prefix("record_number", today)
  File "/workspace/db/base_service.py", line 471, in get_max_value_by_prefix
    result = self.db.execute_query(query, (f"{prefix}%",))
  File "/workspace/db/database.py", line 698, in execute_query
    cursor.execute(query, params)
    ~~~~~~~~~~~~~~^^^^^^^^^^^^^^^
sqlite3.OperationalError: no such table: borrow_record

2026-08-06 05:17:01 | ERROR    | reagent_manager | 查询执行失败: no such table: reagent_bottle
SQL: SELECT MAX(bottle_number) as max_val FROM reagent_bottle WHERE bottle_number LIKE ?
参数: 1 params (types: ['str'])
异常堆栈:
Traceback (most recent call last):
  File "/workspace/db/database.py", line 698, in execute_query
    cursor.execute(query, params)
    ~~~~~~~~~~~~~~^^^^^^^^^^^^^^^
sqlite3.OperationalError: no such table: reagent_bottle

2026-08-06 05:17:01 | ERROR    | reagent_manager | 获取最大值失败 [reagent_bottle.bottle_number]: no such table: reagent_bottle
异常堆栈:
Traceback (most recent call last):
  File "/workspace/db/base_service.py", line 471, in get_max_value_by_prefix
    result = self.db.execute_query(query, (f"{prefix}%",))
  File "/workspace/db/database.py", line 698, in execute_query
    cursor.execute(query, params)
    ~~~~~~~~~~~~~~^^^^^^^^^^^^^^^
sqlite3.OperationalError: no such table: reagent_bottle

2026-08-06 05:17:01 | ERROR    | reagent_manager | [IDGenerator] 生成试剂瓶编号时发生错误: no such table: reagent_bottle
异常堆栈:
Traceback (most recent call last):
  File "/workspace/utils/id_generator.py", line 78, in generate_bottle_number
    max_val = reagent_bottle_service.get_max_value_by_prefix("bottle_number", today)
  File "/workspace/db/base_service.py", line 471, in get_max_value_by_prefix
    result = self.db.execute_query(query, (f"{prefix}%",))
  File "/workspace/db/database.py", line 698, in execute_query
    cursor.execute(query, params)
    ~~~~~~~~~~~~~~^^^^^^^^^^^^^^^
sqlite3.OperationalError: no such table: reagent_bottle

2026-08-06 05:17:01 | ERROR    | reagent_manager | 查询执行失败: no such table: return_record
SQL: SELECT MAX(return_number) as max_val FROM return_record WHERE return_number LIKE ?
参数: 1 params (types: ['str'])
异常堆栈:
Traceback (most recent call last):
  File "/workspace/db/database.py", line 698, in execute_query
    cursor.execute(query, params)
    ~~~~~~~~~~~~~~^^^^^^^^^^^^^^^
sqlite3.OperationalError: no such table: return_record

2026-08-06 05:17:01 | ERROR    | reagent_manager | 获取最大值失败 [return_record.return_number]: no such table: return_record
异常堆栈:
Traceback (most recent call last):
  File "/workspace/db/base_service.py", line 471, in get_max_value_by_prefix
    result = self.db.execute_query(query, (f"{prefix}%",))
  File "/workspace/db/database.py", line 698, in execute_query
    cursor.execute(query, params)
    ~~~~~~~~~~~~~~^^^^^^^^^^^^^^^
sqlite3.OperationalError: no such table: return_record

2026-08-06 05:17:01 | ERROR    | reagent_manager | [IDGenerator] 生成归还记录编号时发生错误: no such table: return_record
异常堆栈:
Traceback (most recent call last):
  File "/workspace/utils/id_generator.py", line 147, in generate_return_record_number
    max_val = return_record_service.get_max_value_by_prefix("return_number", today)
  File "/workspace/db/base_service.py", line 471, in get_max_value_by_prefix
    result = self.db.execute_query(query, (f"{prefix}%",))
  File "/workspace/db/database.py", line 698, in execute_query
    cursor.execute(query, params)
    ~~~~~~~~~~~~~~^^^^^^^^^^^^^^^
sqlite3.OperationalError: no such table: return_record

2026-08-06 05:17:04 | ERROR    | reagent_manager | 查询执行失败: no such table: controlled_list
SQL: SELECT * FROM controlled_list WHERE cas_number = ? LIMIT 1
参数: 1 params (types: ['str'])
异常堆栈:
Traceback (most recent call last):
  File "/workspace/db/database.py", line 698, in execute_query
    cursor.execute(query, params)
    ~~~~~~~~~~~~~~^^^^^^^^^^^^^^^
sqlite3.OperationalError: no such table: controlled_list

2026-08-06 05:17:04 | ERROR    | reagent_manager | 根据字段获取记录失败 [controlled_list]: no such table: controlled_list
异常堆栈:
Traceback (most recent call last):
  File "/workspace/db/base_service.py", line 103, in get_by_field
    results = self.db.execute_query(query, (value,))
  File "/workspace/db/database.py", line 698, in execute_query
    cursor.execute(query, params)
    ~~~~~~~~~~~~~~^^^^^^^^^^^^^^^
sqlite3.OperationalError: no such table: controlled_list

2026-08-06 05:17:04 | ERROR    | reagent_manager | 检查管控状态时发生错误 | cas=7647-14-5
异常堆栈:
Traceback (most recent call last):
  File "/workspace/business/inventory_service.py", line 178, in verify_controlled_status
    controlled = self.controlled_list_service.get_by_cas_number(cas)
  File "/workspace/services/base/controlled_list_service.py", line 46, in get_by_cas_number
    record = super().get_by_field('cas_number', cas_number)
  File "/workspace/db/base_service.py", line 103, in get_by_field
    results = self.db.execute_query(query, (value,))
  File "/workspace/db/database.py", line 698, in execute_query
    cursor.execute(query, params)
    ~~~~~~~~~~~~~~^^^^^^^^^^^^^^^
sqlite3.OperationalError: no such table: controlled_list

2026-08-06 05:17:04 | WARNING  | reagent_manager | 入库校验失败: 试剂名称为空
2026-08-06 05:17:04 | WARNING  | reagent_manager | 入库校验失败: 剩余量超过规格 | remaining_quantity=600 specification=500
